// Jest Snapshot v1, https://goo.gl/fbAQLP

exports[`DateHeader renders properly 1`] = `
<View>
  <Text
    accessible={true}
    allowFontScaling={true}
    centered={true}
    ellipsizeMode="tail"
    style={
      Array [
        Object {
          "color": "#dededf",
          "fontFamily": "montserrat-semibold",
          "fontSize": 18,
          "fontWeight": "600",
          "paddingBottom": 8,
        },
        Object {
          "textAlign": "center",
        },
      ]
    }
  >
    Today
  </Text>
  <Text
    accessible={true}
    allowFontScaling={true}
    centered={true}
    ellipsizeMode="tail"
    style={
      Array [
        Object {
          "color": "#dededf",
          "fontFamily": "montserrat-regular",
          "fontSize": 14,
        },
        Object {
          "textAlign": "center",
        },
      ]
    }
  >
    Tuesday, January 15, 2018
  </Text>
  <View
    style={
      Array [
        Object {
          "alignItems": "center",
          "flex": 1,
          "width": "100%",
        },
      ]
    }
  >
    <View
      style={
        Array [
          Object {
            "backgroundColor": "#9e9ea0",
            "height": 1,
            "marginVertical": 20,
            "width": 120,
          },
        ]
      }
    />
  </View>
</View>
`;
